// Jest Snapshot v1, https://goo.gl/fbAQLP

exports[`should match snapshot 1`] = `
<header
  class="header container"
>
  <div
    class="headerContent content"
  >
    <a
      class="logo"
      href="/"
    >
      Squad Management Tool
    </a>
    <div
      class="navContainer"
    >
      <nav>
        <a
          href="/#"
        >
          John Smith 
          <span
            class="span-img-fake"
          >
            JS
          </span>
        </a>
      </nav>
    </div>
  </div>
</header>
`;
